   Compiling proc-macro2 v1.0.107
   Compiling unicode-ident v1.0.24
   Compiling quote v1.0.47
   Compiling serde_core v1.0.229
   Compiling scopeguard v1.2.0
   Compiling cfg-if v1.0.4
   Compiling libc v0.2.189
   Compiling byteorder v1.5.0
   Compiling thiserror v2.0.20
   Compiling serde v1.0.229
   Compiling getrandom v0.4.3
   Compiling genco-macros v0.19.0
   Compiling lock_api v0.4.14
   Compiling memchr v2.8.3
   Compiling stable_deref_trait v1.2.1
   Compiling semver v1.0.28
   Compiling spin v0.9.9
   Compiling regex-syntax v0.8.11
   Compiling hash32 v0.3.1
   Compiling rustc_version v0.4.1
   Compiling futures-core v0.3.34
   Compiling lazy_static v1.5.0
   Compiling heapless v0.8.0
   Compiling embedded-io-async v0.6.1
   Compiling embedded-hal-async v1.0.0
   Compiling spin v0.10.1
   Compiling aho-corasick v1.1.5
   Compiling heapless v0.9.3
   Compiling heapless v0.7.17
   Compiling embedded-io v0.6.1
   Compiling smallvec v1.16.0
   Compiling critical-section v1.2.0
   Compiling embassy-time-driver v0.2.2
   Compiling embedded-hal v1.0.0
   Compiling relative-path v1.9.3
   Compiling unicode-segmentation v1.13.3
   Compiling nb v1.1.0
   Compiling litrs v1.0.0
   Compiling embassy-sync v0.7.2
   Compiling syn v3.0.4
   Compiling syn v2.0.119
   Compiling convert_case v0.11.0
   Compiling nb v0.1.3
   Compiling document-features v0.2.12
   Compiling hash32 v0.2.1
   Compiling libm v0.2.16
   Compiling futures-sink v0.3.34
   Compiling rgb v0.8.53
   Compiling void v1.0.2
   Compiling futures-task v0.3.34
   Compiling postcard-bindgen-core v0.7.3
   Compiling regex-automata v0.4.18
   Compiling pin-project-lite v0.2.17
   Compiling futures-util v0.3.34
   Compiling smart-leds-trait v0.3.2
   Compiling embedded-hal v0.2.7
   Compiling seq-macro v0.3.6
   Compiling uuid v1.26.0
   Compiling sequential_gen v0.1.2
   Compiling serde_derive_internals v0.30.0
   Compiling max11300 v0.5.3
   Compiling smart-leds v0.4.0
   Compiling log v0.4.34
   Compiling midly v0.5.3
   Compiling embassy-time v0.4.0
   Compiling thiserror-impl v2.0.20
   Compiling serde_derive v1.0.229
   Compiling enum-ordinalize-derive v4.4.2
   Compiling regex v1.13.1
   Compiling enum-ordinalize v4.4.2
   Compiling regex-macro v0.3.0
   Compiling cobs v0.3.0
   Compiling minicbor-derive v0.19.5
   Compiling genco v0.19.0
   Compiling tree-ds v0.2.0
   Compiling postcard v1.1.3
   Compiling minicbor v2.3.0
   Compiling postcard-bindgen-derive v0.7.3
   Compiling postcard-bindgen v0.7.2
   Compiling libfp v0.10.6 (/tmp/work-666/libfp)
   Compiling gen-bindings v0.1.0 (/tmp/work-666/gen-bindings)
    Finished `dev` profile [unoptimized + debuginfo] target(s) in 10.19s
     Running `target/x86_64-unknown-linux-gnu/debug/gen-bindings`
