Lockfile is up to date, resolution step is skipped
Progress: resolved 1, reused 0, downloaded 0, added 0
Packages: +454
++++++++++++++++++++++++++++++++++++++++++++++++++++++++++++++++++++++++++++++++
Progress: resolved 454, reused 0, downloaded 9, added 9
Progress: resolved 454, reused 0, downloaded 45, added 44
Progress: resolved 454, reused 0, downloaded 74, added 74
Progress: resolved 454, reused 0, downloaded 108, added 108
Progress: resolved 454, reused 0, downloaded 156, added 156
Progress: resolved 454, reused 0, downloaded 228, added 228
Progress: resolved 454, reused 0, downloaded 280, added 280
Progress: resolved 454, reused 0, downloaded 295, added 295
Progress: resolved 454, reused 0, downloaded 303, added 303
Progress: resolved 454, reused 0, downloaded 320, added 320
Progress: resolved 454, reused 0, downloaded 347, added 347
Progress: resolved 454, reused 0, downloaded 382, added 382
Progress: resolved 454, reused 0, downloaded 391, added 391
Progress: resolved 454, reused 0, downloaded 409, added 409
Progress: resolved 454, reused 0, downloaded 432, added 432
Progress: resolved 454, reused 0, downloaded 446, added 446
Progress: resolved 454, reused 0, downloaded 447, added 446
Progress: resolved 454, reused 0, downloaded 449, added 449
Progress: resolved 454, reused 0, downloaded 450, added 449
Progress: resolved 454, reused 0, downloaded 450, added 450
Progress: resolved 454, reused 0, downloaded 451, added 450
Progress: resolved 454, reused 0, downloaded 451, added 451
Progress: resolved 454, reused 0, downloaded 452, added 451
Progress: resolved 454, reused 0, downloaded 454, added 454, done
.../node_modules/@tailwindcss/oxide postinstall$ node ./scripts/install.js
.../node_modules/@heroui/shared-utils postinstall$ node -e "try{require('./scripts/postinstall.js')}catch(e){}"
.../node_modules/@swc/core postinstall$ node postinstall.js
.../node_modules/@heroui/shared-utils postinstall$ node -e "try{require('./scripts/postinstall.js')}catch(e){}"
.../esbuild@0.27.7/node_modules/esbuild postinstall$ node install.js
.../node_modules/@heroui/shared-utils postinstall: Done
.../node_modules/@swc/core postinstall: Done
.../node_modules/@tailwindcss/oxide postinstall: Done
.../node_modules/@heroui/shared-utils postinstall$ node -e "try{require('./scripts/postinstall.js')}catch(e){}"
.../node_modules/@heroui/shared-utils postinstall: Done
.../esbuild@0.27.7/node_modules/esbuild postinstall: Done
.../node_modules/@heroui/shared-utils postinstall: Done

dependencies:
+ @dnd-kit/core 6.3.1
+ @dnd-kit/modifiers 9.0.0
+ @dnd-kit/sortable 10.0.0
+ @dnd-kit/utilities 3.2.2
+ @heroui/button 2.2.26
+ @heroui/checkbox 2.3.27
+ @heroui/input 2.4.27
+ @heroui/modal 2.2.23
+ @heroui/number-input 2.0.17
+ @heroui/select 2.4.27
+ @heroui/skeleton 2.2.16
+ @heroui/slider 2.4.23
+ @heroui/switch 2.2.23
+ @heroui/system 2.4.20
+ @heroui/table 2.2.27
+ @heroui/tabs 2.2.23
+ @heroui/theme 2.4.20
+ @heroui/toast 2.0.17
+ @heroui/tooltip 2.2.23
+ @types/w3c-web-usb 1.0.12
+ classnames 2.5.1
+ framer-motion 12.23.12
+ react 19.1.1
+ react-dom 19.1.1
+ react-hook-form 7.62.0
+ react-markdown 10.1.0
+ react-router-dom 7.9.3
+ semver 7.7.3
+ zod 4.1.9
+ zustand 5.0.8

devDependencies:
+ @eslint/js 9.33.0
+ @tailwindcss/vite 4.1.11
+ @types/react 19.1.9
+ @types/react-dom 19.1.7
+ @types/semver 7.7.1
+ @vitejs/plugin-react-swc 3.11.0
+ eslint 9.33.0
+ eslint-config-prettier 10.1.8
+ eslint-plugin-prettier 5.5.4
+ eslint-plugin-react-hooks 5.2.0
+ eslint-plugin-react-refresh 0.4.20
+ globals 16.3.0
+ prettier 3.6.2
+ prettier-plugin-tailwindcss 0.6.14
+ tailwindcss 4.1.11
+ typescript 5.8.3
+ typescript-eslint 8.39.0
+ vite 7.3.5

Done in 29.9s using pnpm v10.15.1
